// Jest Snapshot v1, https://goo.gl/fbAQLP

exports[`should render AddExpensePage correctly 1`] = `
<div>
  <h1>
    This is from Add Expense Component.
  </h1>
  <ExpenseForm
    onSubmit={[Function]}
  />
</div>
`;
