// Jest Snapshot v1, https://goo.gl/fbAQLP

exports[`should render ExpenseList with empty message 1`] = `
<div>
  <h1>
    Expense List
  </h1>
  <ul>
    <li>
      No expenses found.
    </li>
  </ul>
</div>
`;

exports[`should render ExpenseList with expenses 1`] = `
<div>
  <h1>
    Expense List
  </h1>
  <ul>
    <ExpenseListItem
      amount={200}
      createdAt={0}
      description="gum"
      id="1"
      key="1"
      note=""
    />
    <ExpenseListItem
      amount={109500}
      createdAt={-345600000}
      description="rent"
      id="2"
      key="2"
      note=""
    />
    <ExpenseListItem
      amount={4500}
      createdAt={432000000}
      description="credit card"
      id="3"
      key="3"
      note=""
    />
  </ul>
</div>
`;
